

test test test test test test test test test test test test test test[48;2;0;0;255mfloat right[49m
[48;2;255;0;0mfloat left[49mtest test test test test test test test test test test test[38;2;109;109;109m[48;2;255;255;0mfloat right[39m[49m
test test test test test test test test test test test test test test test test
test test test test test test test test test test test test test test test test
test test test test test test test test test test test test
