[48;2;255;0;0mtest 1000000000000                            [48;2;0;128;0m              [38;2;95;95;95m[48;2;255;192;203mtest 3              [39m[49m
                                              [48;2;0;128;0m              [38;2;95;95;95m[48;2;255;192;203m                    [39m[49m
                                              [48;2;0;128;0m              [38;2;95;95;95m[48;2;255;192;203m                    [39m[49m
                                              [48;2;0;128;0m              [38;2;95;95;95m[48;2;255;192;203m                    [39m[49m
                                              [48;2;0;128;0m              [38;2;95;95;95m[48;2;255;192;203m                    [39m[49m
                                                            [38;2;95;95;95m[48;2;255;192;203m                    [39m[49m
                                                            [38;2;95;95;95m[48;2;255;192;203m                    [39m[49m
                                                            [38;2;95;95;95m[48;2;255;192;203m                    [39m[49m
                                                            [38;2;95;95;95m[48;2;255;192;203m                    [39m[49m
                                                            [38;2;95;95;95m[48;2;255;192;203m                    [39m[49m
                                                            [38;2;95;95;95m[48;2;255;192;203m                    [39m[49m

