[48;2;0;0;255m                                                       testing                  [49m
[48;2;0;0;255m           [48;2;0;128;0m                                            [48;2;0;0;255m                         [49m
[48;2;0;0;255m           [48;2;0;128;0m  • [48;2;255;0;0mtesting                                 [48;2;0;0;255m                         [49m
[48;2;0;128;0m                                                       [48;2;0;0;255m                         [49m
[48;2;0;128;0m  • [48;2;255;0;0mtesting[48;2;0;128;0m                                            [48;2;0;0;255m                         [49m
[48;2;0;0;255m                                                                                [49m

