

                                    [48;2;255;0;0mtesting[49m
                              [48;2;255;0;0mtest test test test[49m
                                    [48;2;255;0;0mnew line[49m

                                    [48;2;255;0;0mnew line[49m
                                    [48;2;255;0;0mnew line[49m
                             [48;2;255;0;0mdone[49mnow another thing


but

                             [48;2;255;0;0mthis works:   testing[49m



                           [48;2;255;0;0mtest test test test thing[49m
final stage


                                    [48;2;255;0;0mtesting[49m
                              [48;2;255;0;0mtest test test test[49m
                                    [48;2;255;0;0mnew line[49m
                                    [48;2;255;0;0mnew line[49m
                                    [48;2;255;0;0mnew line[49m
                             [48;2;255;0;0mdone[49mnow another thing

