                              [48;2;255;0;0mtest test test test test test test test test test [49m
                              [48;2;255;0;0mtest test test test test test                     [49m
[48;2;0;128;0mabcd abcd abcd abcd abcd abcd abcd abcd abcd abcd abcd abcd abcd abcd abcd abcd[49m

                              [48;2;255;0;0mtest test test      [49m

               [48;2;0;0;255mtest                          [49m

