                                    caption
[48;2;0;0;255m                                     lorem ipsum dolor sit amet, consectetur   [49m
[48;2;0;0;255m [48;2;255;0;0mone two  [48;2;0;0;255m                           adipiscing elit, sed do eiusmod tempor    [49m
[48;2;0;0;255m [48;2;255;0;0mthree    [48;2;0;0;255m                           incididunt ut labore et dolore magna      [49m
[48;2;0;0;255m [48;2;255;0;0mfour five[48;2;0;0;255m                       c d aliqua いろはにほへとちりぬるをわかよたれ [49m
[48;2;0;0;255m [48;2;255;0;0msix seven[48;2;0;0;255m                           そつ one two three four five six seven    [49m
[48;2;0;0;255m [48;2;255;0;0meight    [48;2;0;0;255m                           eight nine ten elevenn twelve thirteen    [49m
[48;2;0;0;255m                                     fourteen sixteen seventeen eighteen       [49m
[48;2;0;0;255m           internationalization      nineteen                                  [49m
aaaaaaaaaaaaaaaaaaaaaaaaaaaaaaaaaaaaaaaaaaaaaaaaaaaaaaaaaaaaaaaaaaaaaaaaaaaaaaaaaaaaaaaaaaaaaaaaaaaaaaaaaaaaaaaaaaaaaaaaaaaaaa
