
[48;2;255;0;0mx       y                                                                       [49m
[48;2;255;0;0mx       y                                                                       [49m
[48;2;255;0;0mx       y                                                                       [49m
[48;2;255;0;0m^ The above rows should be aligned                                              [49m

